1512 window x metric x target cells -> 'C:\Users\Lenovo\OneDrive - Università degli Studi di Milano\Desktop\WSL\OneDrive - Eidg. Forschungsanstalt WSL\FLUX\Flux_sentinel_dendro_NSC\data\eos_window_scan.csv'

[fixed anchors] GPP -> EOS10: beta (days per +1 SD), rows = window
vi_index         GCC        NDVI       NDVI_tower        NIRv      
metric           cum  mean   cum  mean        cum  mean   cum  mean
window                                                             
EOS90_to_EOS50 -1.77 -0.80  4.22  2.47       8.60  6.30  6.28  4.41
SOL_to_EOS10    0.19 -1.47  1.87 -0.79       9.93  7.03  2.92  0.76
SOL_to_EOS90    0.50 -1.68  0.64 -1.90       8.18  6.92 -1.34 -2.55
SOS_to_EOS10    0.95 -1.63  1.62  0.23      10.56  4.49  3.76 -0.39
SOS_to_EOS50    0.64 -2.65  1.21  0.61      10.21  3.74  3.06 -1.61
SOS_to_EOS90    1.43 -1.98  0.61  0.20       9.29  1.74  1.56 -3.26
SOS_to_SOL      2.26  0.46  1.84  0.98       4.31 -1.50  4.11 -0.50

[fixed anchors] GPP -> EOS50: beta (days per +1 SD), rows = window
vi_index         GCC        NDVI       NDVI_tower        NIRv      
metric           cum  mean   cum  mean        cum  mean   cum  mean
window                                                             
EOS90_to_EOS50 -1.05  0.78  9.89  8.56       4.22  3.99  1.75  2.60
SOL_to_EOS10   -1.42 -2.26  5.75  4.00       7.46  5.60 -0.48 -1.69
SOL_to_EOS90   -1.20 -3.42  5.29  0.85       8.63  5.01 -2.05 -6.01
SOS_to_EOS10   -2.02 -3.18  5.49  4.25       7.36  3.64 -1.18 -3.73
SOS_to_EOS50   -1.90 -4.20  5.30  3.25       7.70  2.75 -1.51 -5.26
SOS_to_EOS90   -1.85 -5.07  4.96  1.72       7.97  1.62 -2.26 -6.76
SOS_to_SOL     -0.64 -1.92  2.69  0.23       2.14 -0.29 -1.09 -3.86

[year anchors] GPP -> EOS10: beta (days per +1 SD), rows = window
vi_index         GCC        NDVI       NDVI_tower         NIRv      
metric           cum  mean   cum  mean        cum   mean   cum  mean
window                                                              
EOS90_to_EOS50  6.39  0.53  8.54  0.86       7.54  -5.69  7.75  0.08
SOL_to_EOS10    6.02 -5.13  4.79 -4.21      12.27 -14.00  5.51 -4.96
SOL_to_EOS90   -1.61  3.29  0.51  1.80       7.45   5.81 -2.06 -1.94
SOS_to_EOS10    7.36 -5.09  2.94 -3.93      11.87 -12.25  6.27 -4.66
SOS_to_EOS50    6.74 -0.70  3.15  0.32      12.86  -2.82  5.12 -2.93
SOS_to_EOS90    0.67  1.46  0.70  2.36       9.05   1.84  1.37 -2.71
SOS_to_SOL      2.26  0.46  1.84  0.98       4.31  -1.50  4.11 -0.50

[year anchors] GPP -> EOS50: beta (days per +1 SD), rows = window
vi_index          GCC        NDVI       NDVI_tower         NIRv      
metric            cum  mean   cum  mean        cum   mean   cum  mean
window                                                               
EOS90_to_EOS50  -6.00 -6.75 -4.67 -4.53      -6.64 -12.00 -6.41 -7.97
SOL_to_EOS10     2.03 -1.84  6.29  3.12       8.98  -4.57  0.68 -4.04
SOL_to_EOS90    11.55 -4.26  9.78  0.33      16.34  -1.54  8.45 -7.38
SOS_to_EOS10     1.97 -2.92  5.93  3.04       8.38  -4.24 -0.40 -5.24
SOS_to_EOS50     5.53 -5.39  7.22  1.18      11.95  -4.55  2.33 -7.21
SOS_to_EOS90    11.12 -3.68  8.68  0.77      15.84  -1.21  5.90 -7.21
SOS_to_SOL      -0.64 -1.92  2.69  0.23       2.14  -0.29 -1.09 -3.86
Figures -> 'C:\Users\Lenovo\OneDrive - Università degli Studi di Milano\Desktop\WSL\OneDrive - Eidg. Forschungsanstalt WSL\FLUX\Flux_sentinel_dendro_NSC\figure\eos_window_scan'
