  [note] ['NPP', 'NPPd', 'CUEd'] loaded from 'npp_luo2025_daily.csv'.
2976 cells -> 'C:\Users\Lenovo\OneDrive - Università degli Studi di Milano\Desktop\WSL\OneDrive - Eidg. Forschungsanstalt WSL\FLUX\Flux_sentinel_dendro_NSC\data\eos_solstice_sliding_scan.csv'

Most negative window per curve (offset in days from solstice; window START):
carbon   vi_index target  length_days  offset_from_solstice_days  beta_days_per_sd  p_value  n_obs  n_sites  near_solstice_pm15d
  CUEd        GCC  EOS10           15                        -45            -1.872    0.163    184       33                False
  CUEd        GCC  EOS10           30                        -55            -2.015    0.145    184       33                False
  CUEd        GCC  EOS50           15                         50            -0.982    0.321    184       33                False
  CUEd        GCC  EOS50           30                         35            -1.091    0.276    184       33                False
  CUEd        GCC  EOS90           15                         35            -1.445    0.291    184       33                False
  CUEd        GCC  EOS90           30                         35            -1.454    0.301    184       33                False
  CUEd       NDVI  EOS10           15                        -25            -3.129    0.108    156       37                False
  CUEd       NDVI  EOS10           30                        -45            -3.496    0.082    156       37                False
  CUEd       NDVI  EOS50           15                         20            -1.032    0.529    156       37                False
  CUEd       NDVI  EOS50           30                         10            -0.763    0.647    156       37                 True
  CUEd       NDVI  EOS90           15                         20            -0.703    0.726    156       37                False
  CUEd       NDVI  EOS90           30                          0            -0.440    0.830    156       37                 True
  CUEd NDVI_tower  EOS10           15                         10            -2.820    0.037    291       38                 True
  CUEd NDVI_tower  EOS10           30                          0            -2.680    0.055    291       38                 True
  CUEd NDVI_tower  EOS50           15                         10            -2.003    0.047    291       38                 True
  CUEd NDVI_tower  EOS50           30                          5            -1.450    0.157    291       38                 True
  CUEd NDVI_tower  EOS90           15                         10            -0.758    0.529    291       38                 True
  CUEd NDVI_tower  EOS90           30                         10             0.006    0.996    291       38                 True
  CUEd       NIRv  EOS10           15                         15            -2.767    0.072    219       46                 True
  CUEd       NIRv  EOS10           30                          0            -2.929    0.059    219       46                 True
  CUEd       NIRv  EOS50           15                        -10            -2.394    0.059    219       46                 True
  CUEd       NIRv  EOS50           30                        -25            -2.485    0.062    219       46                False
  CUEd       NIRv  EOS90           15                        -10            -3.253    0.056    219       46                 True
  CUEd       NIRv  EOS90           30                        -20            -3.165    0.072    219       46                False
   GPP        GCC  EOS10           15                         30            -2.161    0.321    171       31                False
   GPP        GCC  EOS10           30                         20            -1.829    0.446    171       31                False
   GPP        GCC  EOS50           15                         40            -1.884    0.297    171       31                False
   GPP        GCC  EOS50           30                         35            -1.281    0.500    171       31                False
   GPP        GCC  EOS90           15                        -30            -3.588    0.201    171       31                False
   GPP        GCC  EOS90           30                        -45            -3.196    0.255    170       31                False
   GPP       NDVI  EOS10           15                         10            -1.988    0.486    145       36                 True
   GPP       NDVI  EOS10           30                         -5            -1.571    0.600    145       36                 True
   GPP       NDVI  EOS50           15                         10             0.865    0.731    145       36                 True
   GPP       NDVI  EOS50           30                         10             1.417    0.570    145       36                 True
   GPP       NDVI  EOS90           15                         20             0.458    0.883    145       36                False
   GPP       NDVI  EOS90           30                         20             1.177    0.703    145       36                False
   GPP NDVI_tower  EOS10           15                        -75            -0.149    0.942    266       36                False
   GPP NDVI_tower  EOS10           30                        -75             0.675    0.769    266       36                False
   GPP NDVI_tower  EOS50           15                        -75            -0.218    0.885    266       36                False
   GPP NDVI_tower  EOS50           30                        -75             0.427    0.803    266       36                False
   GPP NDVI_tower  EOS90           15                        -75            -1.237    0.448    266       36                False
   GPP NDVI_tower  EOS90           30                        -75            -0.774    0.668    266       36                False
   GPP       NIRv  EOS10           15                         20            -3.433    0.145    208       45                False
   GPP       NIRv  EOS10           30                         10            -2.726    0.263    208       45                 True
   GPP       NIRv  EOS50           15                         10            -6.607    0.001    208       45                 True
   GPP       NIRv  EOS50           30                          5            -6.614    0.002    208       45                 True
   GPP       NIRv  EOS90           15                        -15           -10.605    0.000    210       45                 True
   GPP       NIRv  EOS90           30                        -15           -10.996    0.000    209       45                 True
   NPP        GCC  EOS10           15                         50            -1.794    0.537    189       33                False
   NPP        GCC  EOS10           30                         50            -1.793    0.537    189       33                False
   NPP        GCC  EOS50           15                         50            -2.337    0.323    189       33                False
   NPP        GCC  EOS50           30                         50            -2.336    0.323    189       33                False
   NPP        GCC  EOS90           15                         50            -3.197    0.272    189       33                False
   NPP        GCC  EOS90           30                         50            -3.196    0.272    189       33                False
   NPP       NDVI  EOS10           15                         30            -6.385    0.002    157       37                False
   NPP       NDVI  EOS10           30                        -35            -6.011    0.004    157       37                False
   NPP       NDVI  EOS50           15                         35            -4.893    0.013    157       37                False
   NPP       NDVI  EOS50           30                         30            -4.978    0.012    157       37                False
   NPP       NDVI  EOS90           15                         50            -3.535    0.162    157       37                False
   NPP       NDVI  EOS90           30                         50            -3.534    0.162    157       37                False
   NPP NDVI_tower  EOS10           15                         40            -1.330    0.603    293       38                False
   NPP NDVI_tower  EOS10           30                         40            -1.333    0.605    293       38                False
   NPP NDVI_tower  EOS50           15                         50            -0.827    0.663    293       38                False
   NPP NDVI_tower  EOS50           30                         75            -0.828    0.663    293       38                False
   NPP NDVI_tower  EOS90           15                        -35            -0.761    0.676    293       38                False
   NPP NDVI_tower  EOS90           30                        -35            -0.761    0.684    293       38                False
   NPP       NIRv  EOS10           15                        -15            -3.445    0.068    221       46                 True
   NPP       NIRv  EOS10           30                        -25            -3.253    0.080    221       46                False
   NPP       NIRv  EOS50           15                         40            -1.581    0.305    221       46                False
   NPP       NIRv  EOS50           30                         40            -1.580    0.305    221       46                False
   NPP       NIRv  EOS90           15                        -65            -0.317    0.867    221       46                False
   NPP       NIRv  EOS90           30                        -75            -0.285    0.881    221       46                False
  NPPd        GCC  EOS10           15                         75             0.617    0.740    184       33                False
  NPPd        GCC  EOS10           30                         70             0.753    0.710    184       33                False
  NPPd        GCC  EOS50           15                        -55             0.487    0.737    184       33                False
  NPPd        GCC  EOS50           30                        -70             0.561    0.700    184       33                False
  NPPd        GCC  EOS90           15                         20            -1.101    0.681    184       33                False
  NPPd        GCC  EOS90           30                         10            -0.934    0.730    184       33                 True
  NPPd       NDVI  EOS10           15                        -50            -5.895    0.022    156       37                False
  NPPd       NDVI  EOS10           30                        -20            -5.868    0.017    156       37                False
  NPPd       NDVI  EOS50           15                        -10            -5.591    0.013    156       37                 True
  NPPd       NDVI  EOS50           30                        -20            -5.638    0.013    156       37                False
  NPPd       NDVI  EOS90           15                        -10            -5.629    0.042    156       37                 True
  NPPd       NDVI  EOS90           30                        -20            -5.569    0.045    156       37                False
  NPPd NDVI_tower  EOS10           15                         60            -3.713    0.128    291       38                False
  NPPd NDVI_tower  EOS10           30                         55            -3.865    0.121    291       38                False
  NPPd NDVI_tower  EOS50           15                         70            -2.173    0.198    291       38                False
  NPPd NDVI_tower  EOS50           30                         70            -2.327    0.181    291       38                False
  NPPd NDVI_tower  EOS90           15                         75            -1.481    0.403    291       38                False
  NPPd NDVI_tower  EOS90           30                         75            -1.352    0.474    291       38                False
  NPPd       NIRv  EOS10           15                        -15            -5.230    0.017    219       46                 True
  NPPd       NIRv  EOS10           30                        -25            -5.103    0.017    219       46                False
  NPPd       NIRv  EOS50           15                        -55            -2.363    0.187    219       46                False
  NPPd       NIRv  EOS50           30                        -65            -2.316    0.194    219       46                False
  NPPd       NIRv  EOS90           15                        -60            -0.602    0.798    219       46                False
  NPPd       NIRv  EOS90           30                        -70            -0.379    0.873    219       46                False
Figures -> 'C:\Users\Lenovo\OneDrive - Università degli Studi di Milano\Desktop\WSL\OneDrive - Eidg. Forschungsanstalt WSL\FLUX\Flux_sentinel_dendro_NSC\figure\eos_solstice_sliding_scan'
