Estimating CUE for 84 sites (indexing mode: 'corrected', 3 workers)...
  [1/84] BE-Dor: 14/14 years, mean CUE 0.509; seasonal windows 931, daily CUE for 14 years
  [2/84] BE-Maa: 10/10 years, mean CUE 0.378; seasonal windows 660, daily CUE for 10 years
  [3/84] CA-Ca1: 14/14 years, mean CUE 0.449; seasonal windows 772, daily CUE for 12 years
  [4/84] CA-Ca2: 11/11 years, mean CUE 0.355; seasonal windows 667, daily CUE for 11 years
  [5/84] CA-Cbo: 29/29 years, mean CUE 0.541; seasonal windows 989, daily CUE for 28 years
  [6/84] CA-Gro: 12/12 years, mean CUE 0.567; seasonal windows 544, daily CUE for 12 years
  [7/84] CA-Man: 15/15 years, mean CUE 0.509; seasonal windows 632, daily CUE for 14 years
  [8/84] CA-TP1: 22/22 years, mean CUE 0.551; seasonal windows 1169, daily CUE for 21 years
  [9/84] CA-TP3: 22/22 years, mean CUE 0.458; seasonal windows 1208, daily CUE for 21 years
  [10/84] CA-TP4: 22/22 years, mean CUE 0.513; seasonal windows 1154, daily CUE for 21 years
  [11/84] CA-TPD: 12/12 years, mean CUE 0.530; seasonal windows 675, daily CUE for 11 years
  [12/84] CH-Oe1: 10/10 years, mean CUE 0.699; seasonal windows 666, daily CUE for 10 years
  [13/84] CH-Oe3: 10/10 years, mean CUE 0.477; seasonal windows 654, daily CUE for 10 years
  [14/84] CN-HaM: 14/14 years, mean CUE 0.437; seasonal windows 247, daily CUE for 10 years
  [15/84] DE-Gri: 21/21 years, mean CUE 0.620; seasonal windows 1323, daily CUE for 21 years
  [16/84] DE-GsB: 10/10 years, mean CUE 0.414; seasonal windows 668, daily CUE for 10 years
  [17/84] DE-Hai: 25/25 years, mean CUE 0.607; seasonal windows 1418, daily CUE for 25 years
  [18/84] DE-HoH: 11/11 years, mean CUE 0.496; seasonal windows 718, daily CUE for 11 years
  [19/84] DE-RuR: 14/14 years, mean CUE 0.555; seasonal windows 905, daily CUE for 14 years
  [20/84] DE-RuW: 14/14 years, mean CUE 0.329; seasonal windows 788, daily CUE for 13 years
  [21/84] DE-Tha: 29/29 years, mean CUE 0.378; seasonal windows 1821, daily CUE for 29 years
  [22/84] DK-Sor: 29/29 years, mean CUE 0.626; seasonal windows 1901, daily CUE for 29 years
  [23/84] FI-Hyy: 29/29 years, mean CUE 0.550; seasonal windows 1671, daily CUE for 29 years
  [24/84] FI-Let: 16/16 years, mean CUE 0.619; seasonal windows 963, daily CUE for 16 years
  [25/84] FR-Bil: 12/12 years, mean CUE 0.482; seasonal windows 752, daily CUE for 12 years
  [26/84] FR-FBn: 17/17 years, mean CUE 0.401; seasonal windows 1083, daily CUE for 16 years
  [27/84] FR-LBr: 11/11 years, mean CUE 0.491; seasonal windows 649, daily CUE for 11 years
  [28/84] FR-Pue: 26/26 years, mean CUE 0.442; seasonal windows 1734, daily CUE for 26 years
  [29/84] IT-Cp2: 14/14 years, mean CUE 0.619; seasonal windows 748, daily CUE for 13 years
  [30/84] IT-MBo: 22/22 years, mean CUE 0.563; seasonal windows 1226, daily CUE for 20 years
  [31/84] IT-Ren: 27/27 years, mean CUE 0.632; seasonal windows 1629, daily CUE for 26 years
  [32/84] IT-SR2: 13/13 years, mean CUE 0.398; seasonal windows 858, daily CUE for 13 years
  [33/84] IT-Tor: 17/17 years, mean CUE 0.468; seasonal windows 888, daily CUE for 17 years
  [34/84] IT-TrF: 13/13 years, mean CUE 0.573; seasonal windows 849, daily CUE for 13 years
  [35/84] JP-Api: 23/23 years, mean CUE 0.606; seasonal windows 557, daily CUE for 23 years
  [36/84] JP-Fhk: 18/18 years, mean CUE 0.594; seasonal windows 1119, daily CUE for 18 years
  [37/84] JP-Fmt: 10/10 years, mean CUE 0.466; seasonal windows 406, daily CUE for 10 years
  [38/84] JP-NsC: 12/12 years, mean CUE 0.571; seasonal windows 644, daily CUE for 12 years
  [39/84] JP-NsM: 12/12 years, mean CUE 0.692; seasonal windows 644, daily CUE for 12 years
  [40/84] JP-Tef: 23/23 years, mean CUE 0.597; seasonal windows 1236, daily CUE for 23 years
  [41/84] NL-Loo: 29/29 years, mean CUE 0.533; seasonal windows 1749, daily CUE for 29 years
  [42/84] NL-Vkp: 11/11 years, mean CUE 0.480; seasonal windows 713, daily CUE for 11 years
  [43/84] RU-Fy2: 10/10 years, mean CUE 0.464; seasonal windows 632, daily CUE for 10 years
  [44/84] SE-Svb: 11/11 years, mean CUE 0.640; seasonal windows 645, daily CUE for 11 years
  [45/84] US-Aud: 23/23 years, mean CUE 0.527; seasonal windows 652, daily CUE for 21 years
  [46/84] US-Bar: 20/20 years, mean CUE 0.605; seasonal windows 1110, daily CUE for 20 years
  [47/84] US-CMW: 21/21 years, mean CUE 0.524; seasonal windows 1385, daily CUE for 21 years
  [48/84] US-Ced: 10/10 years, mean CUE 0.573; seasonal windows 633, daily CUE for 10 years
  [49/84] US-ChR: 14/14 years, mean CUE 0.499; seasonal windows 745, daily CUE for 13 years
  [50/84] US-EML: 16/16 years, mean CUE 0.570; seasonal windows 376, daily CUE for 16 years
  [51/84] US-GLE: 16/16 years, mean CUE 0.458; seasonal windows 716, daily CUE for 16 years
  [52/84] US-Ha1: 35/35 years, mean CUE 0.681; seasonal windows 1970, daily CUE for 35 years
  [53/84] US-ICh: 19/19 years, mean CUE 0.624; seasonal windows 643, daily CUE for 19 years
  [54/84] US-ICt: 19/19 years, mean CUE 0.610; seasonal windows 497, daily CUE for 17 years
  [55/84] US-Jo1: 13/13 years, mean CUE 0.495; seasonal windows 764, daily CUE for 12 years
  [56/84] US-KFS: 13/13 years, mean CUE 0.459; seasonal windows 697, daily CUE for 11 years
  [57/84] US-Kon: 16/16 years, mean CUE 0.524; seasonal windows 821, daily CUE for 15 years
  [58/84] US-MMS: 25/25 years, mean CUE 0.498; seasonal windows 1173, daily CUE for 25 years
  [59/84] US-MOz: 18/18 years, mean CUE 0.526; seasonal windows 1151, daily CUE for 18 years
  [60/84] US-Me6: 16/16 years, mean CUE 0.494; seasonal windows 1055, daily CUE for 16 years
  [61/84] US-Mpj: 18/18 years, mean CUE 0.290; seasonal windows 1216, daily CUE for 18 years
  [62/84] US-MtB: 16/16 years, mean CUE 0.441; seasonal windows 935, daily CUE for 15 years
  [63/84] US-NC2: 21/21 years, mean CUE 0.380; seasonal windows 1305, daily CUE for 21 years
  [64/84] US-NGB: 12/12 years, mean CUE 0.686; seasonal windows 324, daily CUE for 10 years
  [65/84] US-Oho: 10/10 years, mean CUE 0.694; seasonal windows 637, daily CUE for 10 years
  [66/84] US-Prr: 13/13 years, mean CUE 0.444; seasonal windows 602, daily CUE for 13 years
  [67/84] US-Rls: 10/10 years, mean CUE 0.527; seasonal windows 545, daily CUE for 10 years
  [68/84] US-Rms: 10/10 years, mean CUE 0.554; seasonal windows 461, daily CUE for 10 years
  [69/84] US-Ro4: 12/12 years, mean CUE 0.640; seasonal windows 781, daily CUE for 12 years
  [70/84] US-Rpf: 17/17 years, mean CUE 0.483; seasonal windows 775, daily CUE for 16 years
  [71/84] US-Rwf: 10/10 years, mean CUE 0.498; seasonal windows 509, daily CUE for 10 years
  [72/84] US-Rws: 10/10 years, mean CUE 0.527; seasonal windows 543, daily CUE for 10 years
  [73/84] US-SRG: 18/18 years, mean CUE 0.376; seasonal windows 1197, daily CUE for 18 years
  [74/84] US-SRM: 22/22 years, mean CUE 0.487; seasonal windows 1300, daily CUE for 22 years
  [75/84] US-Seg: 19/19 years, mean CUE 0.456; seasonal windows 1107, daily CUE for 19 years
  [76/84] US-Ses: 19/19 years, mean CUE 0.460; seasonal windows 1074, daily CUE for 18 years
  [77/84] US-Slt: 18/18 years, mean CUE 0.527; seasonal windows 1128, daily CUE for 18 years
  [78/84] US-Ton: 25/25 years, mean CUE 0.477; seasonal windows 1672, daily CUE for 25 years
  [79/84] US-UMd: 19/19 years, mean CUE 0.568; seasonal windows 710, daily CUE for 19 years
  [80/84] US-Var: 26/26 years, mean CUE 0.523; seasonal windows 1172, daily CUE for 26 years
  [81/84] US-Vcm: 19/19 years, mean CUE 0.498; seasonal windows 1206, daily CUE for 19 years
  [82/84] US-Vcp: 19/19 years, mean CUE 0.576; seasonal windows 1283, daily CUE for 19 years
  [83/84] US-Wjs: 19/19 years, mean CUE 0.301; seasonal windows 1248, daily CUE for 19 years
  [84/84] US-Wkg: 22/22 years, mean CUE 0.506; seasonal windows 1132, daily CUE for 22 years

Site-year CUE -> 'C:\Users\Lenovo\OneDrive - Università degli Studi di Milano\Desktop\WSL\OneDrive - Eidg. Forschungsanstalt WSL\FLUX\Flux_sentinel_dendro_NSC\data\cue_luo2025_site_year.csv' (1444 site-years with CUE, 84 sites)
CUE by temperature bin -> 'C:\Users\Lenovo\OneDrive - Università degli Studi di Milano\Desktop\WSL\OneDrive - Eidg. Forschungsanstalt WSL\FLUX\Flux_sentinel_dendro_NSC\data\cue_luo2025_temperature_bins.csv' (26,606 bins)
Seasonal CUE -> 'C:\Users\Lenovo\OneDrive - Università degli Studi di Milano\Desktop\WSL\OneDrive - Eidg. Forschungsanstalt WSL\FLUX\Flux_sentinel_dendro_NSC\data\cue_luo2025_seasonal.csv' (79,155 converged windows of 79,411)
Daily NPP -> 'C:\Users\Lenovo\OneDrive - Università degli Studi di Milano\Desktop\WSL\OneDrive - Eidg. Forschungsanstalt WSL\FLUX\Flux_sentinel_dendro_NSC\data\npp_luo2025_daily.csv' (527,429 days, 84 sites; NPP on 527,429 days, NPPd on 515,742)
